proper training set
Reading in /home/eg475/scripts/tests/files/tiny_train_set.xyz ...
Processing data ...
┌───────────────┬───────┬───────┬───────┬───────┬───────┐
│   config_type │ #cfgs │ #envs │    #E │    #F │    #V │
│        String │ Int64 │ Int64 │ Int64 │ Int64 │ Int64 │
├───────────────┼───────┼───────┼───────┼───────┼───────┤
│   methane_mol │    40 │   200 │    40 │   600 │     0 │
│  methane_rad1 │    40 │   160 │    40 │   480 │     0 │
│  methane_rad2 │    40 │   160 │    40 │   480 │     0 │
│  methane_rad3 │    40 │   160 │    40 │   480 │     0 │
│  methane_rad4 │    40 │   160 │    40 │   480 │     0 │
│ isolated_atom │     2 │     2 │     2 │     0 │     0 │
├───────────────┼───────┼───────┼───────┼───────┼───────┤
│         total │   202 │   842 │   202 │  2520 │     0 │
│       missing │     0 │     0 │     0 │     6 │  1818 │
└───────────────┴───────┴───────┴───────┴───────┴───────┘
Training set
Reading in /data/eg475/heap_of_ch/train.dft.xyz ...
Processing data ...
┌────────────────────┬───────┬───────┬───────┬───────┬───────┐
│        config_type │ #cfgs │ #envs │    #E │    #F │    #V │
│             String │ Int64 │ Int64 │ Int64 │ Int64 │ Int64 │
├────────────────────┼───────┼───────┼───────┼───────┼───────┤
│                 md │    49 │  1564 │    49 │  4692 │     0 │
│ normal_mode_sample │    23 │   756 │    23 │  2268 │     0 │
│          optimised │     1 │    29 │     1 │    87 │     0 │
│           opt_traj │    19 │   654 │    19 │  1962 │     0 │
├────────────────────┼───────┼───────┼───────┼───────┼───────┤
│              total │    92 │  3003 │    92 │  9009 │     0 │
│            missing │     0 │     0 │     0 │     0 │   828 │
└────────────────────┴───────┴───────┴───────┴───────┴───────┘
Test set
Reading in /data/eg475/heap_of_ch/test.dft.xyz ...
Processing data ...
┌────────────────────┬───────┬───────┬───────┬───────┬───────┐
│        config_type │ #cfgs │ #envs │    #E │    #F │    #V │
│             String │ Int64 │ Int64 │ Int64 │ Int64 │ Int64 │
├────────────────────┼───────┼───────┼───────┼───────┼───────┤
│                 md │    90 │  2937 │    90 │  8811 │     0 │
│ normal_mode_sample │    20 │   663 │    20 │  1989 │     0 │
│          optimised │     4 │   127 │     4 │   381 │     0 │
│           opt_traj │    57 │  1903 │    57 │  5709 │     0 │
├────────────────────┼───────┼───────┼───────┼───────┼───────┤
│              total │   171 │  5630 │   171 │ 16890 │     0 │
│            missing │     0 │     0 │     0 │     0 │  1539 │
└────────────────────┴───────┴───────┴───────┴───────┴───────┘
proper Train set
┌───────────────┬─────────┬──────────┬────────┬────────┐
│   config type │ E [meV] │ F [eV/A] │  F [%] │ V[meV] │
├───────────────┼─────────┼──────────┼────────┼────────┤
│ isolated_atom │   0.000 │      NaN │    NaN │    NaN │
│   methane_mol │   2.518 │    0.161 │ 22.264 │    NaN │
│  methane_rad1 │   4.687 │    0.165 │ 23.683 │    NaN │
│  methane_rad2 │   4.148 │    0.143 │ 18.878 │    NaN │
│  methane_rad3 │   5.062 │    0.158 │ 22.085 │    NaN │
│  methane_rad4 │   4.050 │    0.146 │ 20.094 │    NaN │
├───────────────┼─────────┼──────────┼────────┼────────┤
│           set │   4.163 │    0.155 │ 21.423 │    NaN │
└───────────────┴─────────┴──────────┴────────┴────────┘
Train set
┌────────────────────┬──────────┬──────────┬──────────┬────────┐
│        config type │  E [meV] │ F [eV/A] │    F [%] │ V[meV] │
├────────────────────┼──────────┼──────────┼──────────┼────────┤
│                 md │ 3501.665 │   26.627 │ 2375.037 │    NaN │
│ normal_mode_sample │ 3111.206 │   27.050 │ 2147.273 │    NaN │
│           opt_traj │ 3069.529 │   26.157 │ 8338.065 │    NaN │
│          optimised │ 1832.175 │   25.730 │ 8745.451 │    NaN │
├────────────────────┼──────────┼──────────┼──────────┼────────┤
│                set │ 3306.494 │   26.625 │ 2566.225 │    NaN │
└────────────────────┴──────────┴──────────┴──────────┴────────┘
Test set
┌────────────────────┬──────────┬──────────┬──────────┬────────┐
│        config type │  E [meV] │ F [eV/A] │    F [%] │ V[meV] │
├────────────────────┼──────────┼──────────┼──────────┼────────┤
│                 md │ 3179.573 │   25.207 │ 2374.391 │    NaN │
│ normal_mode_sample │ 2929.036 │   27.048 │ 2183.827 │    NaN │
│           opt_traj │ 2961.598 │   25.868 │ 8475.365 │    NaN │
│          optimised │ 2878.170 │   26.899 │ 8864.608 │    NaN │
├────────────────────┼──────────┼──────────┼──────────┼────────┤
│                set │ 3072.746 │   25.693 │ 2868.690 │    NaN │
└────────────────────┴──────────┴──────────┴──────────┴────────┘
{
                   "c": [
                          -0.010154568341314398,
                          0.01646001553874744,
                          0.08725202878510017,
                          -0.5112718459497195,
                          22.211924825645056,
                          -35.13388093414745,
                          -29.053265437677013,
                          -3.073157550154032,
                          0,
                          0,
                          0,
                          0,
                          1.6670076894336419,
                          2.712781180861938,
                          -1.0465172090760353,
                          -0.9365433348196601,
                          1.7235824859456434,
                          -0.35356146050184223,
                          -0.44865155327521145,
                          1.583586698014159,
                          -1.22867748226715,
                          0.5307713390503919,
                          0,
                          0,
                          0,
                          0,
                          0,
                          0,
                          0,
                          0,
                          0,
                          0,
                          -2.508236055982734,
                          0.8016956782865329,
                          -0.5000994320139888,
                          -1.119001209790539,
                          -0.09882656661086651,
                          0.14062916175212659,
                          1.6734408608468527,
                          -0.5862689971733552,
                          1.6131948789740826,
                          0,
                          0,
                          0,
                          0,
                          0,
                          0,
                          0,
                          0,
                          0,
                          -0.23922648097984647,
                          -0.4474772929301159,
                          -1.6749785389823142,
                          0.2510815161071091,
                          -0.6376371844254335,
                          -2.274604894833464,
                          0,
                          0,
                          0,
                          0,
                          0,
                          0,
                          -0.22072264891704688,
                          -1.583777498077611,
                          1.4301327166566977,
                          0,
                          0,
                          0,
                          -1.4859375064134859,
                          -0.31294227477899,
                          -0.7777007834654923,
                          -1.6744729385993606,
                          2.0441897654775385,
                          1.878307742677674,
                          -1.0061585300509346,
                          0,
                          0,
                          0,
                          0,
                          0,
                          0,
                          0,
                          0,
                          0.6457548839244275,
                          2.2437024245522346,
                          3.4607318084513556,
                          2.9651123317007424,
                          0,
                          0,
                          0,
                          0,
                          0,
                          -0.7760865796918632,
                          0,
                          0,
                          0.2323299187448168,
                          0.1644038818764025,
                          0.6909453012210179,
                          -2.40776775082961,
                          -2.2407402389079305,
                          0,
                          0,
                          0,
                          0,
                          0,
                          0,
                          0,
                          0.17504659891187363,
                          -1.8702772934024792,
                          0,
                          0,
                          0,
                          0,
                          0,
                          1.3005985600450716,
                          -0.7028654581911401,
                          2.405189861898072,
                          0,
                          0,
                          0,
                          0,
                          0,
                          0,
                          0,
                          0,
                          0,
                          0.8512739980082681,
                          0,
                          0,
                          0,
                          0,
                          0,
                          0,
                          0,
                          0,
                          0,
                          0,
                          0,
                          0,
                          0,
                          0,
                          0,
                          0,
                          0,
                          0,
                          0,
                          0,
                          0,
                          0,
                          0,
                          0,
                          0,
                          0,
                          0,
                          0,
                          0,
                          0,
                          0,
                          0,
                          0,
                          0,
                          0,
                          0,
                          0,
                          0,
                          0,
                          0,
                          0,
                          0,
                          0,
                          0,
                          0,
                          0,
                          0,
                          0,
                          0,
                          0,
                          0,
                          0,
                          0,
                          0,
                          0,
                          0,
                          0,
                          0,
                          0,
                          0.28966426793835226,
                          0,
                          0,
                          0,
                          0,
                          0,
                          0,
                          0,
                          0,
                          0,
                          0,
                          0,
                          0,
                          0,
                          0,
                          0,
                          0,
                          0,
                          0,
                          0,
                          0,
                          0,
                          0,
                          0,
                          0,
                          0,
                          0,
                          0,
                          0,
                          0,
                          0,
                          0,
                          0,
                          0,
                          0,
                          0,
                          0,
                          0,
                          0,
                          0,
                          0,
                          0,
                          0,
                          0,
                          0,
                          0,
                          0,
                          0,
                          0,
                          0,
                          0,
                          0,
                          0,
                          0,
                          0,
                          0,
                          0,
                          0,
                          0,
                          0,
                          0,
                          0,
                          0,
                          0,
                          0,
                          0,
                          0,
                          0,
                          0,
                          0,
                          0,
                          0,
                          0,
                          0,
                          0,
                          0,
                          0,
                          0,
                          0,
                          0,
                          0,
                          0,
                          0,
                          0,
                          0,
                          0,
                          0,
                          0,
                          0,
                          0,
                          0,
                          0,
                          0,
                          0,
                          0,
                          0,
                          0,
                          0,
                          0,
                          0,
                          0,
                          0,
                          0,
                          0,
                          0,
                          0,
                          0,
                          0,
                          0,
                          0,
                          0,
                          0,
                          0,
                          0,
                          0,
                          0,
                          0,
                          0,
                          0,
                          0,
                          0,
                          0,
                          0,
                          0,
                          0,
                          0,
                          0,
                          0,
                          0,
                          0,
                          0,
                          0,
                          0,
                          0,
                          0,
                          0,
                          0,
                          0,
                          0,
                          0,
                          0,
                          0,
                          0,
                          0,
                          0,
                          0,
                          0,
                          0,
                          0,
                          0,
                          0,
                          0,
                          0,
                          0,
                          0,
                          0,
                          0,
                          0,
                          0,
                          0,
                          0,
                          0,
                          0,
                          0,
                          0,
                          0,
                          0,
                          0,
                          0,
                          0,
                          0,
                          0,
                          0,
                          0,
                          0,
                          0,
                          0,
                          0,
                          0,
                          0,
                          0,
                          0,
                          0,
                          0,
                          0,
                          0,
                          0,
                          0,
                          0,
                          0,
                          0,
                          0,
                          0,
                          0,
                          0,
                          0,
                          0,
                          0,
                          0,
                          0,
                          0,
                          0,
                          0,
                          0,
                          0,
                          0,
                          0,
                          0,
                          0,
                          0,
                          0,
                          0,
                          0,
                          0,
                          0,
                          0,
                          0,
                          0,
                          0,
                          0,
                          0,
                          0,
                          0,
                          0
                        ],
              "dbpath": "ace_rundir/ACE_name.db",
              "Ibasis": [
                          1,
                          2,
                          3,
                          4,
                          5,
                          6,
                          7,
                          8,
                          9,
                          10,
                          11,
                          12,
                          13,
                          14,
                          15,
                          16,
                          17,
                          18,
                          19,
                          20,
                          21,
                          22,
                          23,
                          24,
                          25,
                          26,
                          27,
                          28,
                          29,
                          30,
                          31,
                          32,
                          33,
                          34,
                          35,
                          36,
                          37,
                          38,
                          39,
                          40,
                          41,
                          42,
                          43,
                          44,
                          45,
                          46,
                          47,
                          48,
                          49,
                          50,
                          51,
                          52,
                          53,
                          54,
                          55,
                          56,
                          57,
                          58,
                          59,
                          60,
                          61,
                          62,
                          63,
                          64,
                          65,
                          66,
                          67,
                          68,
                          69,
                          70,
                          71,
                          72,
                          73,
                          74,
                          75,
                          76,
                          77,
                          78,
                          79,
                          80,
                          81,
                          82,
                          83,
                          84,
                          85,
                          86,
                          87,
                          88,
                          89,
                          90,
                          91,
                          92,
                          93,
                          94,
                          95,
                          96,
                          97,
                          98,
                          99,
                          100,
                          101,
                          102,
                          103,
                          104,
                          105,
                          106,
                          107,
                          108,
                          109,
                          110,
                          111,
                          112,
                          113,
                          114,
                          115,
                          116,
                          117,
                          118,
                          119,
                          120,
                          121,
                          122,
                          123,
                          124,
                          125,
                          126,
                          127,
                          128,
                          129,
                          130,
                          131,
                          132,
                          133,
                          134,
                          135,
                          136,
                          137,
                          138,
                          139,
                          140,
                          141,
                          142,
                          143,
                          144,
                          145,
                          146,
                          147,
                          148,
                          149,
                          150,
                          151,
                          152,
                          153,
                          154,
                          155,
                          156,
                          157,
                          158,
                          159,
                          160,
                          161,
                          162,
                          163,
                          164,
                          165,
                          166,
                          167,
                          168,
                          169,
                          170,
                          171,
                          172,
                          173,
                          174,
                          175,
                          176,
                          177,
                          178,
                          179,
                          180,
                          181,
                          182,
                          183,
                          184,
                          185,
                          186,
                          187,
                          188,
                          189,
                          190,
                          191,
                          192,
                          193,
                          194,
                          195,
                          196,
                          197,
                          198,
                          199,
                          200,
                          201,
                          202,
                          203,
                          204,
                          205,
                          206,
                          207,
                          208,
                          209,
                          210,
                          211,
                          212,
                          213,
                          214,
                          215,
                          216,
                          217,
                          218,
                          219,
                          220,
                          221,
                          222,
                          223,
                          224,
                          225,
                          226,
                          227,
                          228,
                          229,
                          230,
                          231,
                          232,
                          233,
                          234,
                          235,
                          236,
                          237,
                          238,
                          239,
                          240,
                          241,
                          242,
                          243,
                          244,
                          245,
                          246,
                          247,
                          248,
                          249,
                          250,
                          251,
                          252,
                          253,
                          254,
                          255,
                          256,
                          257,
                          258,
                          259,
                          260,
                          261,
                          262,
                          263,
                          264,
                          265,
                          266,
                          267,
                          268,
                          269,
                          270,
                          271,
                          272,
                          273,
                          274,
                          275,
                          276,
                          277,
                          278,
                          279,
                          280,
                          281,
                          282,
                          283,
                          284,
                          285,
                          286,
                          287,
                          288,
                          289,
                          290,
                          291,
                          292,
                          293,
                          294,
                          295,
                          296,
                          297,
                          298,
                          299,
                          300,
                          301,
                          302,
                          303,
                          304,
                          305,
                          306,
                          307,
                          308,
                          309,
                          310,
                          311,
                          312,
                          313,
                          314,
                          315,
                          316,
                          317,
                          318,
                          319,
                          320,
                          321,
                          322,
                          323,
                          324,
                          325,
                          326,
                          327,
                          328,
                          329,
                          330,
                          331,
                          332,
                          333,
                          334,
                          335,
                          336,
                          337,
                          338,
                          339,
                          340,
                          341,
                          342,
                          343,
                          344,
                          345,
                          346,
                          347,
                          348,
                          349,
                          350,
                          351,
                          352,
                          353,
                          354,
                          355,
                          356,
                          357,
                          358,
                          359,
                          360,
                          361,
                          362,
                          363,
                          364,
                          365,
                          366,
                          367,
                          368,
                          369,
                          370,
                          371,
                          372,
                          373,
                          374,
                          375,
                          376,
                          377,
                          378,
                          379,
                          380,
                          381,
                          382,
                          383,
                          384,
                          385,
                          386,
                          387,
                          388,
                          389,
                          390,
                          391,
                          392,
                          393,
                          394,
                          395,
                          396,
                          397,
                          398,
                          399,
                          400,
                          401,
                          402,
                          403,
                          404,
                          405,
                          406,
                          407,
                          408,
                          409,
                          410
                        ],
             "weights": {
                            "ignore": [],
                           "default": {
                                         "V": 1,
                                         "E": 1,
                                         "F": 1
                                      }
                        },
                 "p_1": 0,
               "kappa": 0,
              "solver": "lsqr",
        "juliaversion": "Julia Version 1.7.1\nCommit ac5cc99908 (2021-12-22 19:35 UTC)\nPlatform Info:\n  OS: Linux (x86_64-pc-linux-gnu)\n  CPU: Intel(R) Xeon(R) CPU E5-2670 0 @ 2.60GHz\n  WORD_SIZE: 64\n  LIBM: libopenlibm\n  LLVM: libLLVM-12.0.1 (ORCJIT, sandybridge)\nEnvironment:\n  JULIA_PROJECT = /home/eg475/ace\n  JULIA_NUM_THREADS = 16\n",
        "regularisers": [],
   "IPFitting_version": "na",
                  "E0": 0
}